<area shape="rect" href="$group__Vfetk.html#g79f12393399e3ba28244d96dbd0bca4e" title="Object destructor." alt="" coords="113,58,196,85">
<area shape="rect" href="$group__Vpbe.html#gc5f25eeac762228b7dba98f0853ba61b" title="Object destructor." alt="" coords="113,109,196,136">
<area shape="rect" href="$group__Vfetk.html#gc300393d5c7bdda4b66389a24127d138" title="FORTRAN stub object destructor." alt="" coords="245,58,336,85">
<area shape="rect" href="$group__Vcsm.html#g2bc0fee3715143539faf899297555398" title="Destroy Vcsm object." alt="" coords="401,8,486,34">
<area shape="rect" href="$group__Vfetk.html#gf53be91ac6774829c8f377c15dda8ea5" title="Destroys FEtk PDE object." alt="" coords="385,58,502,85">
<area shape="rect" href="$group__Vcsm.html#g3c31f8010c42b53a7454bdac94aa9acf" title="FORTRAN stub to destroy Vcsm object." alt="" coords="568,8,661,34">
<area shape="rect" href="$group__Vfetk.html#gea58e1b29973b503b24ef85c08320253" title="FORTRAN stub: destroys FEtk PDE object." alt="" coords="552,58,677,85">
<area shape="rect" href="$group__Vpbe.html#g63b7677c7d402ed92bbe4d2c10df9ed2" title="FORTRAN stub object destructor." alt="" coords="245,109,336,136">
<area shape="rect" href="$group__Vacc.html#gf3712a0a2c431f3754d53776e6c2087c" title="Destroy object." alt="" coords="402,109,485,136">
<area shape="rect" href="$group__Vclist.html#gb308342d1cbeebfdf235380c4ec1b4c1" title="Destroy object." alt="" coords="401,160,486,186">
<area shape="rect" href="$group__Vacc.html#g0b80af5fb860c96d52738f65f42a38d6" title="FORTRAN stub to destroy object." alt="" coords="570,109,658,136">
<area shape="rect" href="$group__Vacc.html#gf015a95a7934819baf6ac85a2c19e499" title="Destroy the surface object and free its memory." alt="" coords="756,58,862,85">
<area shape="rect" href="$group__Valist.html#g2aea567c031963b275f4e6e31f9c3e74" title="Get number of atoms in the list." alt="" coords="725,109,893,136">
<area shape="rect" href="$group__Vacc.html#g90b879964a5faa185a82dc2f7c736a15" title="Destroy the surface object." alt="" coords="941,58,1056,85">
<area shape="rect" href="$group__Vclist.html#g2f1115d21a8e5febfe45e1426483ecef" title="FORTRAN stub to destroy object." alt="" coords="568,160,661,186">
<area shape="rect" href="$group__Vclist.html#g7cccaf1f87a5906738d43c06d86c5af4" title="FORTRAN stub to destroy object." alt="" coords="752,160,866,186">
