<area shape="rect" href="$vacc_8c.html#5c6356f19e11daf8d0dea84bd92cc226" title="Determines if a point is within the union of the spheres centered at the atomic centers..." alt="" coords="182,58,294,85">
<area shape="rect" href="$group__Vacc.html#gf645f700c467833a3611fadb606d16e5" title="Allocate and construct the surface object; do not assign surface points to positions..." alt="" coords="185,109,291,136">
<area shape="rect" href="$group__Vatom.html#g37404117f53ad617e4371df8a7c849bb" title="Get atom ID." alt="" coords="173,160,303,186">
<area shape="rect" href="$group__Vatom.html#gbe19ed4ab35365a2e8f7505bcbb6bca2" title="Get atomic position." alt="" coords="170,210,306,237">
<area shape="rect" href="$group__Vatom.html#gd3538039818c4279eb8a6b0e806dea7b" title="Get atomic position." alt="" coords="174,261,302,288">
<area shape="rect" href="$group__Vclist.html#g13dc2b36b0eb96f433ee79566bdd45e4" title="Return cell corresponding to specified position or return VNULL." alt="" coords="367,8,471,34">
<area shape="rect" href="$group__Vclist.html#ga67500e4f221d3f965c2ff48dee31593" title="Get the max probe radius value (in A) the cell list was constructed with." alt="" coords="355,58,483,85">
<area shape="rect" href="$group__Vacc.html#g7b5d73ff3b8ae17c8efad24ce683de78" title="Construct the surface object using previously allocated memory; do not assign surface..." alt="" coords="362,109,477,136">
