<area shape="rect" href="$group__Valist.html#g6e228909b1e2c178ee292ae97c5bce62" title="Get pointer to particular atom in list." alt="" coords="193,8,305,34">
<area shape="rect" href="$group__Vatom.html#gbe19ed4ab35365a2e8f7505bcbb6bca2" title="Get atomic position." alt="" coords="642,134,778,161">
<area shape="rect" href="$group__Vatom.html#gd3538039818c4279eb8a6b0e806dea7b" title="Get atomic position." alt="" coords="646,185,774,212">
<area shape="rect" href="$group__Vpbe.html#g0aac5d03d89f4a9c5b5a93e853325e0d" title="Get solute dielectric constant." alt="" coords="178,312,320,338">
<area shape="rect" href="$group__Vpbe.html#g71c1fc1e8901630a97cf0f2bf0fcb18f" title="Get solvent dielectric constant." alt="" coords="176,362,322,389">
<area shape="rect" href="$group__Vpbe.html#gb2a970a797a66508f244cfbddb40edf9" title="Get temperature." alt="" coords="172,413,326,440">
<area shape="rect" href="$group__Vpbe.html#geb447cb04d310e06a5edd1b96bbc52bb" title="Get charge scaling factor." alt="" coords="188,464,310,490">
<area shape="rect" href="$vpmg&#45;private_8h.html#1271687db8aa07b73c4ce3316943b72c" title="Selects a spline based surface method from either VSM_SPLINE, VSM_SPLINE5 or VSM_SPLINE7..." alt="" coords="181,185,317,212">
<area shape="rect" href="$group__Vacc.html#g86e395e15ef9298b4f9cc50b9e6da656" title="Report gradient of spline&#45;based accessibility with respect to a particular atom normalized..." alt="" coords="380,109,590,136">
<area shape="rect" href="$group__Vacc.html#g9f24abc998c44e87ff1805256e520f15" title="Report gradient of spline&#45;based accessibility with respect to a particular atom normalized..." alt="" coords="376,160,594,186">
<area shape="rect" href="$group__Vacc.html#gc90a25448405539eb8f2178874d496f8" title="Report gradient of spline&#45;based accessibility with respect to a particular atom normalized..." alt="" coords="376,210,594,237">
