<area shape="rect" href="$vacc_8c.html#2a318b9e1df4d9a97ac47cf55498c4a8" title="Fast spline&#45;based surface computation subroutine." alt="" coords="228,8,308,34">
<area shape="rect" href="$group__Vacc.html#g86e395e15ef9298b4f9cc50b9e6da656" title="Report gradient of spline&#45;based accessibility with respect to a particular atom normalized..." alt="" coords="381,58,592,85">
<area shape="rect" href="$group__Vclist.html#g13dc2b36b0eb96f433ee79566bdd45e4" title="Return cell corresponding to specified position or return VNULL." alt="" coords="216,109,320,136">
<area shape="rect" href="$group__Vclist.html#ga67500e4f221d3f965c2ff48dee31593" title="Get the max probe radius value (in A) the cell list was constructed with." alt="" coords="204,160,332,186">
<area shape="rect" href="$group__Vacc.html#g6c202624954a3bd3fde446182415c769" title="Report spline&#45;based accessibility for a given atom." alt="" coords="412,8,561,34">
<area shape="rect" href="$group__Vatom.html#gbe19ed4ab35365a2e8f7505bcbb6bca2" title="Get atomic position." alt="" coords="640,8,776,34">
<area shape="rect" href="$group__Vatom.html#gd3538039818c4279eb8a6b0e806dea7b" title="Get atomic position." alt="" coords="644,58,772,85">
