<area shape="rect" href="$group__Vacc.html#gf3712a0a2c431f3754d53776e6c2087c" title="Destroy object." alt="" coords="148,58,230,85">
<area shape="rect" href="$group__Vclist.html#gb308342d1cbeebfdf235380c4ec1b4c1" title="Destroy object." alt="" coords="146,109,232,136">
<area shape="rect" href="$group__Vacc.html#g0b80af5fb860c96d52738f65f42a38d6" title="FORTRAN stub to destroy object." alt="" coords="282,58,370,85">
<area shape="rect" href="$group__Vacc.html#gf015a95a7934819baf6ac85a2c19e499" title="Destroy the surface object and free its memory." alt="" coords="452,8,558,34">
<area shape="rect" href="$group__Valist.html#g2aea567c031963b275f4e6e31f9c3e74" title="Get number of atoms in the list." alt="" coords="421,58,589,85">
<area shape="rect" href="$group__Vacc.html#g90b879964a5faa185a82dc2f7c736a15" title="Destroy the surface object." alt="" coords="637,8,752,34">
<area shape="rect" href="$group__Vclist.html#g2f1115d21a8e5febfe45e1426483ecef" title="FORTRAN stub to destroy object." alt="" coords="280,109,373,136">
<area shape="rect" href="$group__Vclist.html#g7cccaf1f87a5906738d43c06d86c5af4" title="FORTRAN stub to destroy object." alt="" coords="448,109,562,136">
