<area shape="rect" href="$group__Frontend.html#g13242b98c256ee3cf6613c52d194c1f9" title="Calculate non&#45;polar energies." alt="" coords="161,8,259,34">
<area shape="rect" href="$group__Frontend.html#g3a8e8616dbc43a553e8f51939acfeaa8" title="Calculate non&#45;polar forces." alt="" coords="365,318,453,345">
<area shape="rect" href="$group__Vatom.html#gbe19ed4ab35365a2e8f7505bcbb6bca2" title="Get atomic position." alt="" coords="743,261,879,288">
<area shape="rect" href="$group__Vatom.html#gd3538039818c4279eb8a6b0e806dea7b" title="Get atomic position." alt="" coords="747,768,875,794">
<area shape="rect" href="$group__Valist.html#g6e228909b1e2c178ee292ae97c5bce62" title="Get pointer to particular atom in list." alt="" coords="755,489,867,516">
<area shape="rect" href="$group__Valist.html#g2aea567c031963b275f4e6e31f9c3e74" title="Get number of atoms in the list." alt="" coords="727,1021,895,1048">
<area shape="rect" href="$group__Vacc.html#gea1fe0e1ddebb4f1ae9dac8a78902220" title="Return the atomic solvent accessible surface area (SASA)." alt="" coords="147,666,273,693">
<area shape="rect" href="$group__Vacc.html#gc712e4ab9b88c9e260f6cfb33f0c6646" title="Construct the accessibility object." alt="" coords="170,869,250,896">
<area shape="rect" href="$group__Vacc.html#gf3712a0a2c431f3754d53776e6c2087c" title="Destroy object." alt="" coords="169,818,251,845">
<area shape="rect" href="$group__Vacc.html#g5514738fb5b25bc0a2c76fa165820a73" title="Return the total solvent accessible surface area (SASA)." alt="" coords="150,590,270,617">
<area shape="rect" href="$group__Vacc.html#gb044e1d67b1e8df949f7314a82d8a8ca" title="Return the total solvent accessible volume (SAV)." alt="" coords="353,394,465,421">
<area shape="rect" href="$group__Vacc.html#gde3a80a1f4f87a4b41e17df2a8b93d89" title="Return the WCA integral energy." alt="" coords="346,1084,471,1110">
<area shape="rect" href="$group__Vatom.html#g6123ac049c637301d5aa730c18c94756" title="Get atomic charge." alt="" coords="145,1109,275,1136">
<area shape="rect" href="$group__Vclist.html#gc83dccbf803e2057b06f036a453c20a3" title="Construct the cell list object." alt="" coords="167,1160,253,1186">
<area shape="rect" href="$group__Vclist.html#gb308342d1cbeebfdf235380c4ec1b4c1" title="Destroy object." alt="" coords="167,1210,253,1237">
<area shape="rect" href="$group__Vparam.html#g674303a8cbbc48a18703758c41bb1402" title="Get atom data." alt="" coords="133,1261,287,1288">
<area shape="rect" href="$group__Vacc.html#gcdc19153ae8a5bf67a84b48c0325e57f" title="Get the derivatve of solvent accessible area." alt="" coords="539,160,670,186">
<area shape="rect" href="$group__Vacc.html#gedd9cfb498a5c9a62541d6da92b8c347" title="Get the derivatve of solvent accessible volume." alt="" coords="543,210,666,237">
<area shape="rect" href="$group__Vacc.html#g6e118e97d0ef09899dd376b6eda231a7" title="Set up an array of points corresponding to the SAS due to a particular atom." alt="" coords="547,565,662,592">
<area shape="rect" href="$group__Vacc.html#gf36362999a330e766a98355f4fed5f21" title="Return the WCA integral force." alt="" coords="530,312,679,338">
<area shape="rect" href="$vacc_8c.html#5c6356f19e11daf8d0dea84bd92cc226" title="Determines if a point is within the union of the spheres centered at the atomic centers..." alt="" coords="755,565,867,592">
<area shape="rect" href="$group__Vacc.html#gf645f700c467833a3611fadb606d16e5" title="Allocate and construct the surface object; do not assign surface points to positions..." alt="" coords="955,768,1062,794">
<area shape="rect" href="$group__Vatom.html#g37404117f53ad617e4371df8a7c849bb" title="Get atom ID." alt="" coords="746,666,877,693">
<area shape="rect" href="$group__Vclist.html#g13dc2b36b0eb96f433ee79566bdd45e4" title="Return cell corresponding to specified position or return VNULL." alt="" coords="957,565,1061,592">
<area shape="rect" href="$group__Vclist.html#ga67500e4f221d3f965c2ff48dee31593" title="Get the max probe radius value (in A) the cell list was constructed with." alt="" coords="945,717,1073,744">
<area shape="rect" href="$group__Vacc.html#g7b5d73ff3b8ae17c8efad24ce683de78" title="Construct the surface object using previously allocated memory; do not assign surface..." alt="" coords="1122,768,1237,794">
<area shape="rect" href="$group__Vacc.html#g6e3d06de84edfdedec72f6c39fe6b58f" title="Report inflated van der Waals accessibility." alt="" coords="757,337,866,364">
<area shape="rect" href="$group__Vacc.html#g7a741d87762baf5906802b6b9a670080" title="Build the solvent accessible surface (SAS) and calculate the solvent accessible surface..." alt="" coords="362,565,455,592">
<area shape="rect" href="$group__Vacc.html#g90b879964a5faa185a82dc2f7c736a15" title="Destroy the surface object." alt="" coords="754,717,869,744">
<area shape="rect" href="$group__Vacc.html#gf6a84e11159cedc6692cb2b254b6530f" title="FORTRAN stub to construct the accessibility object." alt="" coords="365,869,453,896">
<area shape="rect" href="$vacc_8c.html#5a4ad4553abd7aa28ddc19d8f6b05403" title="Vacc_allocate" alt="" coords="553,1072,657,1098">
<area shape="rect" href="$vacc_8c.html#43a99ef46d09254c73e3edf1ed1a3e3d" title="Vacc_storeParms" alt="" coords="541,869,669,896">
<area shape="rect" href="$group__Vacc.html#gb4df080067f12568eb4336687b676cea" title="Set up an array of points for a reference sphere of unit radius." alt="" coords="739,869,883,896">
<area shape="rect" href="$group__Vacc.html#g0b80af5fb860c96d52738f65f42a38d6" title="FORTRAN stub to destroy object." alt="" coords="365,818,453,845">
<area shape="rect" href="$group__Vacc.html#gf015a95a7934819baf6ac85a2c19e499" title="Destroy the surface object and free its memory." alt="" coords="551,818,658,845">
<area shape="rect" href="$group__Vclist.html#g798ed148204bc72711ce8fa8ff9088eb" title="FORTRAN stub to construct the cell list object." alt="" coords="363,1160,454,1186">
<area shape="rect" href="$group__Vclist.html#g2f1115d21a8e5febfe45e1426483ecef" title="FORTRAN stub to destroy object." alt="" coords="362,1210,455,1237">
<area shape="rect" href="$group__Vclist.html#g7cccaf1f87a5906738d43c06d86c5af4" title="FORTRAN stub to destroy object." alt="" coords="547,1224,662,1250">
<area shape="rect" href="$group__Vparam.html#g30d036e5f205c5df47fdba86acdf6366" title="Get residue data." alt="" coords="335,1261,482,1288">
<area shape="rect" href="$group__Vstring.html#g5cba5800bc4941a4ef59b2189a24de15" title="Case&#45;insensitive string comparison (BSD standard)." alt="" coords="535,1286,674,1313">
