<area shape="rect" href="$group__Valist.html#g6e228909b1e2c178ee292ae97c5bce62" title="Get pointer to particular atom in list." alt="" coords="857,793,969,820">
<area shape="rect" href="$group__Valist.html#g2aea567c031963b275f4e6e31f9c3e74" title="Get number of atoms in the list." alt="" coords="829,666,997,693">
<area shape="rect" href="$group__Vatom.html#g6123ac049c637301d5aa730c18c94756" title="Get atomic charge." alt="" coords="848,590,978,617">
<area shape="rect" href="$group__Vpbe.html#g747cac358e8e71196fed38895811799a" title="Construct Vpbe object." alt="" coords="137,261,220,288">
<area shape="rect" href="$group__Vpbe.html#gc5f25eeac762228b7dba98f0853ba61b" title="Object destructor." alt="" coords="137,134,220,161">
<area shape="rect" href="$group__Vpbe.html#ga24ea345d13e97303a30a0e6d5fe2b18" title="Get Debye&#45;Huckel screening length." alt="" coords="118,362,238,389">
<area shape="rect" href="$group__Vpmg.html#geab43b3987ea7c67176960f3d7cc1d38" title="Constructor for the Vpmg class (allocates new memory)." alt="" coords="136,312,221,338">
<area shape="rect" href="$group__Vpmg.html#g54c8a69f4055041178cc4cd7a7c346ec" title="Object destructor." alt="" coords="453,58,541,85">
<area shape="rect" href="$group__Vpmg.html#g6c39de37132c2eddd3dc62776c95963c" title="Fill the coefficient arrays prior to solving the equation." alt="" coords="290,1224,381,1250">
<area shape="rect" href="$group__Vpmgp.html#gd93ef6e0f00dcdd955b441f5df3cfea9" title="Construct PMG parameter object and initialize to default values." alt="" coords="132,970,225,997">
<area shape="rect" href="$group__Vpmgp.html#ga0cef0b5eb85bad78aa4652c8dce5b0a" title="Object destructor." alt="" coords="132,1021,225,1048">
<area shape="rect" href="$group__Vpbe.html#g63b7677c7d402ed92bbe4d2c10df9ed2" title="FORTRAN stub object destructor." alt="" coords="290,109,381,136">
<area shape="rect" href="$group__Vacc.html#gf3712a0a2c431f3754d53776e6c2087c" title="Destroy object." alt="" coords="456,109,538,136">
<area shape="rect" href="$group__Vclist.html#gb308342d1cbeebfdf235380c4ec1b4c1" title="Destroy object." alt="" coords="454,8,540,34">
<area shape="rect" href="$group__Vacc.html#g0b80af5fb860c96d52738f65f42a38d6" title="FORTRAN stub to destroy object." alt="" coords="652,210,740,237">
<area shape="rect" href="$group__Vclist.html#g2f1115d21a8e5febfe45e1426483ecef" title="FORTRAN stub to destroy object." alt="" coords="649,8,742,34">
<area shape="rect" href="$group__Vpmg.html#ge3a3587bfb6c15342890a2dada846d4f" title="FORTRAN stub constructor for the Vpmg class (uses previously&#45;allocated memory)." alt="" coords="289,312,382,338">
<area shape="rect" href="$vpmg&#45;private_8h.html#f0c2a5754fbe7a35b083ef600dab299d" title="For focusing, set external energy data members in new Vpmg object based on energy..." alt="" coords="456,489,538,516">
<area shape="rect" href="$group__Vpmg.html#g7b7c6cbfc1c468da596efff1d51fd28a" title="Remove partition restrictions." alt="" coords="634,768,757,794">
<area shape="rect" href="$vpmg&#45;private_8h.html#e22da4bcde8fe8d1b2aac949e1c0f059" title="For focusing, fill in the boundaries of the new mesh based on the potential values..." alt="" coords="640,109,752,136">
<area shape="rect" href="$group__Vpbe.html#g49a4178cddec98a0388a0b0a42b402ad" title="Get bulk ionic strength." alt="" coords="1046,1224,1230,1250">
<area shape="rect" href="$group__Vpbe.html#g23d965029db459d11f2bbbbaa2c7dbc7" title="Get information about the counterion species present." alt="" coords="445,362,549,389">
<area shape="rect" href="$group__Vpbe.html#ga4e725db086b16333664140ac3d25e79" title="Get modified squared Debye&#45;Huckel parameter." alt="" coords="432,312,562,338">
<area shape="rect" href="$group__Vpmg.html#g0718ba16e1357ce4ad27c15e960ca8cd" title="Get the &quot;polarization&quot; contribution to the electrostatic energy." alt="" coords="632,464,760,490">
<area shape="rect" href="$group__Vpmg.html#gbc99a910a365aa8c0e0efce577abb9af" title="Get the &quot;fixed charge&quot; contribution to the electrostatic energy." alt="" coords="637,362,754,389">
<area shape="rect" href="$group__Vpmg.html#g72773d2eb289d3bf2d06ab23e198e926" title="Get the &quot;mobile charge&quot; contribution to the electrostatic energy." alt="" coords="633,413,758,440">
<area shape="rect" href="$group__Vpmg.html#gaef73d86f87bb23134c669f6a0dc571e" title="Set partition information which restricts the calculation of observables to a (rectangular)..." alt="" coords="642,717,749,744">
<area shape="rect" href="$group__Vpbe.html#g6c2324fb961e2266a16894c03ec6b67b" title="Get coordinates of solute center." alt="" coords="834,109,992,136">
<area shape="rect" href="$group__Vpbe.html#g2927b540ffc7d27c2881ff08ca944f35" title="Get total solute charge." alt="" coords="833,160,993,186">
<area shape="rect" href="$group__Vpbe.html#g9a3084232e6eab9547179349f252c612" title="Get sphere radius which bounds biomolecule." alt="" coords="833,210,993,237">
<area shape="rect" href="$group__Vpbe.html#g71c1fc1e8901630a97cf0f2bf0fcb18f" title="Get solvent dielectric constant." alt="" coords="840,1122,986,1149">
<area shape="rect" href="$group__Vpbe.html#gb2a970a797a66508f244cfbddb40edf9" title="Get temperature." alt="" coords="836,8,990,34">
<area shape="rect" href="$group__Vpbe.html#ge08119761afa47a8332ba13e4409f988" title="Get Debye&#45;Huckel parameter." alt="" coords="852,58,974,85">
<area shape="rect" href="$group__Vpmg.html#g3cde6b7c8ed033476ff517348567213c" title="FORTRAN stub object destructor." alt="" coords="649,58,742,85">
<area shape="rect" href="$vpmg&#45;private_8h.html#9803b64d96685d27923d899ef6f4c5cd" title="Fill boundary condition arrays." alt="" coords="466,1477,528,1504">
<area shape="rect" href="$vpmg&#45;private_8h.html#da65af06c9af5bf4ee593cb051bd0b0d" title="Top&#45;level driver to fill source term charge array." alt="" coords="450,920,544,946">
<area shape="rect" href="$vpmg&#45;private_8h.html#169088d2631112390e9699d0ff25ab0a" title="Top&#45;level driver to fill all operator coefficient arrays." alt="" coords="458,1224,536,1250">
<area shape="rect" href="$group__Vpbe.html#g0aac5d03d89f4a9c5b5a93e853325e0d" title="Get solute dielectric constant." alt="" coords="842,1224,984,1250">
<area shape="rect" href="$vpmg&#45;private_8h.html#2fe0074cd016170f829d76a856409185" title="Fill source term charge array from a pre&#45;calculated map." alt="" coords="636,920,756,946">
<area shape="rect" href="$vpmg&#45;private_8h.html#7e7a2991c9f8b5e9a4a06843aecd38ae" title="Fill source term charge array from linear interpolation." alt="" coords="626,565,765,592">
<area shape="rect" href="$vpmg&#45;private_8h.html#6074122271a6957f5d463aa95c90f61c" title="Fill source term charge array from cubic spline interpolation." alt="" coords="626,616,765,642">
<area shape="rect" href="$vpmg&#45;private_8h.html#e84de46101d6abe2046ae860b55832a0" title="Fill source term charge array for use of induced dipoles." alt="" coords="628,970,764,997">
<area shape="rect" href="$vpmg&#45;private_8h.html#6139befcbac10d86518d7b4cd397204a" title="Fill source term charge array for non&#45;local induced dipoles." alt="" coords="620,1021,772,1048">
<area shape="rect" href="$vpmg&#45;private_8h.html#a349fa04ad1c57df769345d4bcad28ce" title="Fill source term charge array for the use of permanent multipoles." alt="" coords="610,666,781,693">
<area shape="rect" href="$vpmg&#45;private_8h.html#35949511a7f2779c8ac7e7c88bdca001" title="Fill operator coefficient arrays from pre&#45;calculated maps." alt="" coords="861,1325,965,1352">
<area shape="rect" href="$vpmg&#45;private_8h.html#62617829770eaed11c159947453e457c" title="Fill operator coefficient arrays from a molecular surface calculation." alt="" coords="646,1274,745,1301">
<area shape="rect" href="$vpmg&#45;private_8h.html#61365ff4cedaf084ea6d960d432a3d03" title="Fill operator coefficient arrays from a spline&#45;based surface calculation." alt="" coords="638,1173,753,1200">
<area shape="rect" href="$vpmg&#45;private_8h.html#b7b5543b591c9433e7190a2fe45b4ca2" title="Fill operator coefficient arrays from a 5th order polynomial based surface calculation..." alt="" coords="634,1072,757,1098">
<area shape="rect" href="$vpmg&#45;private_8h.html#be8b2056b56093552215f2e97c8f5c1b" title="Fill operator coefficient arrays from a 7th order polynomial based surface calculation..." alt="" coords="634,1224,757,1250">
