<area shape="rect" href="$group__Vcsm.html#g8b61bc1d195da9bf2019d131e4e76043" title="External function for FEtk Gem class to use during mesh refinement." alt="" coords="146,210,367,237">
<area shape="rect" href="$group__Vfetk.html#g130f353b0f7c1c432f9e208a43e645b1" title="External hook to simplex subdivision routines in Gem. Called each time a simplex..." alt="" coords="417,58,619,85">
<area shape="rect" href="$group__Vfetk.html#g4bb67f5500dd28dcd582d920b50d0b4e" title="Constructs the FEtk PDE object." alt="" coords="198,312,315,338">
<area shape="rect" href="$group__Vpbe.html#g49a4178cddec98a0388a0b0a42b402ad" title="Get bulk ionic strength." alt="" coords="165,362,349,389">
<area shape="rect" href="$group__Vpbe.html#g23d965029db459d11f2bbbbaa2c7dbc7" title="Get information about the counterion species present." alt="" coords="205,413,309,440">
<area shape="rect" href="$group__Vpbe.html#ga4e725db086b16333664140ac3d25e79" title="Get modified squared Debye&#45;Huckel parameter." alt="" coords="191,464,322,490">
<area shape="rect" href="$group__Vcsm.html#g23ba96a1f619c002a84a96d09c66205a" title="Update the charge&#45;simplex and simplex&#45;charge maps after refinement." alt="" coords="719,8,823,34">
<area shape="rect" href="$group__Vfetk.html#ge16c17016c3f527e1639f0e2e2ece7f3" title="Get a pointer to the Vcsm (charge&#45;simplex map) object." alt="" coords="950,153,1062,180">
<area shape="rect" href="$group__Valist.html#g6e228909b1e2c178ee292ae97c5bce62" title="Get pointer to particular atom in list." alt="" coords="1139,138,1251,165">
<area shape="rect" href="$group__Vatom.html#gbe19ed4ab35365a2e8f7505bcbb6bca2" title="Get atomic position." alt="" coords="938,90,1074,117">
<area shape="rect" href="$group__Vfetk.html#g40b301931083038af40312b49b167794" title="Intializes the FEtk PDE object." alt="" coords="455,489,581,516">
<area shape="rect" href="$group__Vfetk.html#g877160adf876489f6493322cf34831d9" title="Define the way manifold edges are bisected." alt="" coords="691,514,851,541">
<area shape="rect" href="$group__Vfetk.html#gd8b11d6436d7ea407c94ac79eb1f9e99" title="Evaluate a (discretized) delta function source term at the given point." alt="" coords="710,413,833,440">
<area shape="rect" href="$group__Vfetk.html#g58889daff822d088b8286402228eb8e2" title="This is the linearization of the weak form of the PBE; e.g., for use in a Newton..." alt="" coords="699,565,843,592">
<area shape="rect" href="$group__Vfetk.html#g6ab828dbe466030949f3332a6370a22a" title="Evaluate strong form of PBE. For interior points, this is:  where  is the (possibly..." alt="" coords="715,616,827,642">
<area shape="rect" href="$group__Vfetk.html#gd8bfaaca31087ca5c98663f1a9839bcc" title="This is the weak form of the PBE; i.e. the strong form integrated with a test function..." alt="" coords="709,666,834,693">
<area shape="rect" href="$group__Vfetk.html#g850c1f0593b2b3ba8ad2795b5642d340" title="Do once&#45;per&#45;assembly initialization." alt="" coords="686,717,857,744">
<area shape="rect" href="$group__Vfetk.html#gecb946cbd53bd9aeddd67c1e4494b6fa" title="Do once&#45;per&#45;element initialization." alt="" coords="690,768,853,794">
<area shape="rect" href="$group__Vfetk.html#g92f682b4b349b1236be7306b8091a6f0" title="Do once&#45;per&#45;face initialization." alt="" coords="701,818,842,845">
<area shape="rect" href="$group__Vfetk.html#gb2c9190ba012844d51836146e4c0a6c1" title="Do once&#45;per&#45;point initialization." alt="" coords="699,869,843,896">
<area shape="rect" href="$group__Vfetk.html#gcd6aede0ecf4ee5b7cd103a68a28aeee" title="Energy functional. This returns the energy (less delta function terms) in the form:..." alt="" coords="717,464,826,490">
<area shape="rect" href="$group__Vfetk.html#gab7c03cc5568407794999c0f617ab889" title="Map a boundary point to some pre&#45;defined shape." alt="" coords="682,920,861,946">
<area shape="rect" href="$group__Vfetk.html#gc35880a0b1dcab29fb0eb12aeae116b2" title="User&#45;defined error estimator &#45;&#45; in our case, a geometry&#45;based refinement method;..." alt="" coords="685,109,858,136">
<area shape="rect" href="$group__Vfetk.html#g0e48a1a433ae34229a1cf5157260eb8c" title="Unify the chart for different coordinate systems &#45;&#45; a no&#45;op for us." alt="" coords="697,160,846,186">
<area shape="rect" href="$group__Vfetk.html#gb42e012aef0ff3f23862dacdbaf86f0a" title="Evaluate the bases for the trial or test space, for a particular component of the..." alt="" coords="669,210,874,237">
<area shape="rect" href="$group__Vfetk.html#g0ba7af67b39b140e8150e5699eb2ad31" title="Initialize the bases for the trial or the test space, for a particular component..." alt="" coords="675,261,867,288">
<area shape="rect" href="$group__Vfetk.html#gc37aeabeafd642e7a67b0654497ce2ab" title="Evaluate the Dirichlet boundary condition at the given point." alt="" coords="711,312,831,338">
<area shape="rect" href="$group__Vfetk.html#g0d6f246e3a44d57b2907972efe97bb14" title="Evaluate the &quot;true solution&quot; at the given point for comparison with the..." alt="" coords="713,362,830,389">
<area shape="rect" href="$group__Vatom.html#g6123ac049c637301d5aa730c18c94756" title="Get atomic charge." alt="" coords="941,312,1071,338">
<area shape="rect" href="$group__Vcsm.html#g9fb0ff4858be085d6698bd1a1bac8d0d" title="Get particular atom associated with a simplex." alt="" coords="950,261,1062,288">
<area shape="rect" href="$group__Vcsm.html#g0e64a5068f0bb54b5c0603ff87b47d55" title="Get ID of particular atom in a simplex." alt="" coords="933,362,1079,389">
<area shape="rect" href="$group__Vcsm.html#g66a9b72b572a2e69ecbf31d756739a30" title="Get number of atoms associated with a simplex." alt="" coords="922,413,1090,440">
<area shape="rect" href="$group__Vfetk.html#ge996913edc49d3be58cfad38cf2ead4d" title="Get a pointer to the Gem (grid manager) object." alt="" coords="953,210,1059,237">
<area shape="rect" href="$group__Vpbe.html#geb447cb04d310e06a5edd1b96bbc52bb" title="Get charge scaling factor." alt="" coords="945,464,1067,490">
<area shape="rect" href="$group__Vgreen.html#g40625a240b34a5eddec5d98925aa3061" title="Construct the Green&#39;s function oracle." alt="" coords="959,692,1053,718">
<area shape="rect" href="$group__Vgreen.html#gc60c5788fc669e5f7b48502bcecfb174" title="Destruct the Green&#39;s function oracle." alt="" coords="958,742,1054,769">
<area shape="rect" href="$group__Vgreen.html#gbf630ca7658e483fc8e58ee3e0353d44" title="FORTRAN stub to construct the Green&#39;s function oracle." alt="" coords="1145,692,1246,718">
<area shape="rect" href="$group__Vgreen.html#gb6dced702dabd03e72f9a46ee540f94e" title="FORTRAN stub to destruct the Green&#39;s function oracle." alt="" coords="1143,742,1247,769">
<area shape="rect" href="$group__Vcap.html#g30fdd185fb47faae0ea2edda2ddb32c4" title="Provide a capped exp() function." alt="" coords="966,514,1046,541">
