<area shape="rect" href="$group__Frontend.html#gfb412d6d72af68e499856b6ade594787" title="Calculate electrostatic energies from FE solution." alt="" coords="174,7,254,34">
<area shape="rect" href="$group__Frontend.html#g2c9c9e4d6c9011d8206cd8e1e9d87426" title="Calculate electrostatic energies from MG solution." alt="" coords="172,58,257,85">
<area shape="rect" href="$group__Frontend.html#gfa145c12f55d0efd7fcace66ffde7567" title="Calculate forces from MG solution." alt="" coords="178,109,250,135">
<area shape="rect" href="$group__Frontend.html#g777e5bac9e149e6c9b51cbca372cfdfb" title="Upperlevel routine to the non&#45;polar energy and force routines." alt="" coords="177,159,252,186">
<area shape="rect" href="$group__Frontend.html#g2a07181f0b784288233c5b71d53e3e92" title="Initialize FE solver objects." alt="" coords="186,210,242,237">
<area shape="rect" href="$group__Frontend.html#g672ad18a84d014f587dcc7c417f16611" title="Initialize an MG calculation." alt="" coords="184,261,245,287">
<area shape="rect" href="$group__Frontend.html#gbd66a61c0345b5fb2a1f7cf28eda455f" title="Destroy the loaded charge maps." alt="" coords="157,311,272,338">
<area shape="rect" href="$group__Frontend.html#g8fc9aaea29e0981630c959189125a9a2" title="Destroy the loaded dielectric." alt="" coords="168,362,261,389">
<area shape="rect" href="$group__Frontend.html#g0d20f0a6407d4ef03e15b5738612381e" title="Kill arrays allocated for energies." alt="" coords="174,413,254,439">
<area shape="rect" href="$group__Frontend.html#ge90a8d20839ced8a3e7d2caca35cbea0" title="Kill structures initialized during an FE calculation." alt="" coords="186,463,242,490">
<area shape="rect" href="$group__Frontend.html#g85261d2d20693fd91564bdadc911dbbb" title="Free memory from MG force calculation." alt="" coords="178,514,250,541">
<area shape="rect" href="$group__Frontend.html#g903bb83abbd4bb2b9102d782b319e26c" title="Destroy the loaded kappa maps." alt="" coords="160,565,269,591">
<area shape="rect" href="$group__Frontend.html#gb0ce95b1f26075f244714265de179a90" title="Kill structures initialized during an MG calculation." alt="" coords="185,615,244,642">
<area shape="rect" href="$group__Frontend.html#gf15fae1faaacaee69eb1ec79a1d2c0d3" title="Destroy the loaded molecules." alt="" coords="165,666,264,693">
<area shape="rect" href="$group__Frontend.html#g8bfbb3f554c21aaca1e87b59ec7e36c4" title="Load the charge maps given in NOsh into grid objects." alt="" coords="153,717,276,743">
<area shape="rect" href="$group__Frontend.html#g0744b51dd1328f9623331b0bd6b2a41e" title="Load the dielectric maps given in NOsh into grid objects." alt="" coords="162,767,266,794">
<area shape="rect" href="$group__Frontend.html#g5b70151ac7dbfc3c615a6fed6367390b" title="Load the kappa maps given in NOsh into grid objects." alt="" coords="156,818,273,845">
<area shape="rect" href="$group__Frontend.html#gde48c79ecd7d2bf5838a4e0519b19f9a" title="Load the molecules given in NOsh into atom lists." alt="" coords="161,869,268,895">
<area shape="rect" href="$group__Frontend.html#ge373e54f41b5dc9cb275baef6f6115b3" title="Loads and returns parameter object." alt="" coords="160,919,269,946">
<area shape="rect" href="$group__NOsh.html#g2507ed260747107cf0619544a2105a42" title="Construct NOsh." alt="" coords="172,970,257,997">
<area shape="rect" href="$group__NOsh.html#g2125cba1900b11a5b20a405709d08720" title="Object destructor." alt="" coords="172,1021,257,1047">
<area shape="rect" href="$group__NOsh.html#g4f29487839c6abd62f752ab5de94cc15" title="Parse an input file from a socket." alt="" coords="150,1071,278,1098">
<area shape="rect" href="$group__Vstring.html#g5cba5800bc4941a4ef59b2189a24de15" title="Case&#45;insensitive string comparison (BSD standard)." alt="" coords="340,1502,478,1529">
<area shape="rect" href="$group__NOsh.html#g24f7e05701c43887569117811a5c071e" title="Setup the series of non&#45;polar calculations." alt="" coords="140,1173,289,1199">
<area shape="rect" href="$group__NOsh.html#gf6ec182a13ed9a3099a3f778196284da" title="Setup the series of electrostatics calculations." alt="" coords="140,1223,289,1250">
<area shape="rect" href="$group__Frontend.html#gf2493d6ed066b920ef8f5e37533b700d" title="Estimate error, mark mesh, and refine mesh after solve." alt="" coords="162,1274,266,1301">
<area shape="rect" href="$group__Frontend.html#g4263953eaca54df840862f6ca2ee4f26" title="Pre&#45;refine mesh before solve." alt="" coords="166,1325,262,1351">
<area shape="rect" href="$group__Frontend.html#g3ea91bf9d5a15e204315b2792dffc5c2" title="Combine and pretty&#45;print energy data." alt="" coords="156,1375,273,1402">
<area shape="rect" href="$group__Frontend.html#gd34565687f0168cd9fd15b5747ef7084" title="Combine and pretty&#45;print force data." alt="" coords="160,1426,269,1453">
<area shape="rect" href="$group__Frontend.html#gad105790d5d821a70c2556d8f678bff9" title="Combine and pretty&#45;print energy data." alt="" coords="156,1477,273,1503">
<area shape="rect" href="$group__Frontend.html#gd03579d4b8a648e812b748af288a1023" title="Combine and pretty&#45;print force data." alt="" coords="160,1527,269,1554">
<area shape="rect" href="$group__Frontend.html#gfb4a43b1ee07988e941f8cb5d54f0f23" title="Combine and pretty&#45;print energy data (deprecated...see printElecEnergy)." alt="" coords="169,1578,260,1605">
<area shape="rect" href="$group__Frontend.html#g8a9dbdbf57bf8a9e308147abe0e8da34" title="Print out FE&#45;specific params loaded from input." alt="" coords="162,1629,266,1655">
<area shape="rect" href="$group__Frontend.html#g2f661dc633c6c5c8c6ee988dd332a746" title="Combine and pretty&#45;print force data (deprecated...see printElecForce)." alt="" coords="173,1679,256,1706">
<area shape="rect" href="$group__Frontend.html#gc204e507188bb0c897a7ddd0e471622b" title="Print out MG&#45;specific params loaded from input." alt="" coords="160,1730,269,1757">
<area shape="rect" href="$group__Frontend.html#g52af26682a1da9e8ccd01daee70b7a41" title="Print out generic PBE params loaded from input." alt="" coords="157,1781,272,1807">
<area shape="rect" href="$group__Frontend.html#g38fa11fc3ff3b68abcb0e507e445185c" title="Set MG partitions for calculating observables and performing I/O." alt="" coords="172,1831,257,1858">
<area shape="rect" href="$group__Frontend.html#gca674b06e3c15fb8c10e39e82096fa67" title="Solve&#45;estimate&#45;refine." alt="" coords="180,1882,249,1909">
<area shape="rect" href="$group__Frontend.html#ge5fef94b530af7a96dc63a3deed97413" title="Solve the PBE with MG." alt="" coords="177,1933,252,1959">
<area shape="rect" href="$group__Frontend.html#g6484d734f8fb04d4f2f2c6ef4541e25a" title="Wrapper to start MALOC Vio layer." alt="" coords="181,1983,248,2010">
<area shape="rect" href="$group__Frontend.html#g26c23c3a3879a11ebeea23eb271e5bc6" title="Store energy in arrays for future use." alt="" coords="152,2034,277,2061">
<area shape="rect" href="$group__Vparam.html#g1931275c529294c078e7ba06622c1017" title="Destroy object." alt="" coords="165,2085,264,2111">
<area shape="rect" href="$group__Frontend.html#gf4dd79aefdee50f5bddc206e6302fd34" title="Write FEM data to files." alt="" coords="166,2135,262,2162">
<area shape="rect" href="$group__Frontend.html#g0243cce85fc0dd6f64739a905b4742f0" title="Write out information to a flat file." alt="" coords="164,2186,265,2213">
<area shape="rect" href="$group__Frontend.html#g4f37ce55e96d10897a327e3841e0beed" title="Write out observables from MG calculation to file." alt="" coords="165,2237,264,2263">
<area shape="rect" href="$group__Frontend.html#g969c5202eb71574a7b3823f1e1049795" title="Write out information to an XML file." alt="" coords="162,2287,266,2314">
<area shape="rect" href="$group__Frontend.html#g12b5e7fa0d0f177f7b1668df0629bc1e" title="Write out operator matrix from MG calculation to file." alt="" coords="166,2338,262,2365">
<area shape="rect" href="$group__Vfetk.html#g8d59079781d2ee65d5073de3b63c530a" title="Return the total electrostatic energy." alt="" coords="358,7,460,34">
<area shape="rect" href="$vpmg&#45;private_8h.html#f0c2a5754fbe7a35b083ef600dab299d" title="For focusing, set external energy data members in new Vpmg object based on energy..." alt="" coords="368,58,450,85">
