<area shape="rect" href="$group__Vparam.html#g0c7ecf622bb28c7286b497aaa6b0c363" title="Construct the object." alt="" coords="195,58,294,85">
<area shape="rect" href="$group__Vparam.html#g0c6e047a7c7515ba22ad60d3c1c2f32f" title="Read a flat&#45;file format parameter database." alt="" coords="171,160,318,186">
<area shape="rect" href="$group__Vparam.html#g6996c3bfeb038593b4451b8bff2ce91f" title="Read an XML format parameter database." alt="" coords="169,312,321,338">
<area shape="rect" href="$group__Vparam.html#gee27fae1cd0ac732b31cc7930e65c8d4" title="FORTRAN stub to construct the object." alt="" coords="407,8,514,34">
<area shape="rect" href="$group__Vparam.html#ga7d2b71a92ebdbe0b847aec3de8669b4" title="Read a single line of the flat file database." alt="" coords="401,58,521,85">
<area shape="rect" href="$group__Vparam.html#g713e01e44ed7bfd459110b96cfbd247d" title="Copy current atom object to destination." alt="" coords="601,312,787,338">
<area shape="rect" href="$group__Vparam.html#ga188f6a9dbe9ba1465e0045067b4c02e" title="FORTRAN stub to construct the object." alt="" coords="378,210,543,237">
<area shape="rect" href="$group__Vparam.html#g7f92801fe95005c1e08fcd87dc303128" title="FORTRAN stub to destroy object." alt="" coords="378,261,543,288">
<area shape="rect" href="$group__Vstring.html#g5cba5800bc4941a4ef59b2189a24de15" title="Case&#45;insensitive string comparison (BSD standard)." alt="" coords="625,413,763,440">
<area shape="rect" href="$group__Vparam.html#g8b35934af27637a90fb419cdfe6f8fb5" title="Read atom information from an XML file." alt="" coords="397,464,525,490">
<area shape="rect" href="$group__Vparam.html#gdacb5ad3ed64436c5a8a85ba5dac3bef" title="Copy current residue object to destination." alt="" coords="371,312,550,338">
