<area shape="rect" href="$group__Vpbe.html#gc5f25eeac762228b7dba98f0853ba61b" title="Object destructor." alt="" coords="124,84,206,110">
<area shape="rect" href="$group__Vpmg.html#g54c8a69f4055041178cc4cd7a7c346ec" title="Object destructor." alt="" coords="121,134,209,161">
<area shape="rect" href="$group__Vpmgp.html#ga0cef0b5eb85bad78aa4652c8dce5b0a" title="Object destructor." alt="" coords="118,185,212,212">
<area shape="rect" href="$group__Vpbe.html#g63b7677c7d402ed92bbe4d2c10df9ed2" title="FORTRAN stub object destructor." alt="" coords="264,84,354,110">
<area shape="rect" href="$group__Vacc.html#gf3712a0a2c431f3754d53776e6c2087c" title="Destroy object." alt="" coords="406,58,489,85">
<area shape="rect" href="$group__Vclist.html#gb308342d1cbeebfdf235380c4ec1b4c1" title="Destroy object." alt="" coords="405,109,490,136">
<area shape="rect" href="$group__Vacc.html#g0b80af5fb860c96d52738f65f42a38d6" title="FORTRAN stub to destroy object." alt="" coords="541,58,629,85">
<area shape="rect" href="$group__Vacc.html#gf015a95a7934819baf6ac85a2c19e499" title="Destroy the surface object and free its memory." alt="" coords="710,8,817,34">
<area shape="rect" href="$group__Valist.html#g2aea567c031963b275f4e6e31f9c3e74" title="Get number of atoms in the list." alt="" coords="680,58,848,85">
<area shape="rect" href="$group__Vacc.html#g90b879964a5faa185a82dc2f7c736a15" title="Destroy the surface object." alt="" coords="896,8,1010,34">
<area shape="rect" href="$group__Vclist.html#g2f1115d21a8e5febfe45e1426483ecef" title="FORTRAN stub to destroy object." alt="" coords="538,109,632,136">
<area shape="rect" href="$group__Vclist.html#g7cccaf1f87a5906738d43c06d86c5af4" title="FORTRAN stub to destroy object." alt="" coords="706,109,821,136">
<area shape="rect" href="$group__Vpmg.html#g3cde6b7c8ed033476ff517348567213c" title="FORTRAN stub object destructor." alt="" coords="262,134,356,161">
