<area shape="rect" href="$apbs_8h.html" title="Top&#45;level header for APBS." alt="" coords="1758,157,1852,184">
<area shape="rect" href="$femparm_8h.html" title="Contains declarations for class APOLparm." alt="" coords="2725,306,2845,333">
<area shape="rect" href="$mgparm_8h.html" title="Contains declarations for class MGparm." alt="" coords="2485,381,2600,408">
<area shape="rect" href="$nosh_8h.html" title="Contains declarations for class NOsh." alt="" coords="2504,232,2600,258">
<area shape="rect" href="$pbeparm_8h.html" title="Contains declarations for class PBEparm." alt="" coords="2381,306,2498,333">
<area shape="rect" href="$routines_8h.html" title="Header file for front end auxiliary routines." alt="" coords="2374,82,2457,109">
<area shape="rect" href="$vhal_8h.html" title="Contains generic macro definitions for APBS." alt="" coords="2293,754,2384,781">
<area shape="rect" href="$vstring_8h.html" title="Contains declarations for class Vstring." alt="" coords="1941,680,2048,706">
<area shape="rect" href="$vparam_8h.html" title="Contains declarations for class Vparam." alt="" coords="1486,605,1596,632">
<area shape="rect" href="$vunit_8h.html" title="Contains a collection of useful constants and conversion factors." alt="" coords="565,680,661,706">
<area shape="rect" href="$valist_8h.html" title="Contains declarations for class Valist." alt="" coords="1224,530,1320,557">
<area shape="rect" href="$vatom_8h.html" title="Contains declarations for class Vatom." alt="" coords="908,605,1009,632">
<area shape="rect" href="$vacc_8h.html" title="Contains declarations for class Vacc." alt="" coords="921,381,1014,408">
<area shape="rect" href="$vcap_8h.html" title="Contains declarations for class Vcap." alt="" coords="388,306,481,333">
<area shape="rect" href="$vgreen_8h.html" title="Contains declarations for class Vgreen." alt="" coords="1005,456,1112,482">
<area shape="rect" href="$vpbe_8h.html" title="Contains declarations for class Vpbe." alt="" coords="892,306,985,333">
<area shape="rect" href="$vgrid_8h.html" title="Potential oracle for Cartesian mesh data." alt="" coords="2050,605,2146,632">
<area shape="rect" href="$vmgrid_8h.html" title="Multiresolution oracle for Cartesian mesh data." alt="" coords="1992,530,2098,557">
<area shape="rect" href="$vopot_8h.html" title="Potential oracle for Cartesian mesh data." alt="" coords="976,232,1074,258">
<area shape="rect" href="$vpmg_8h.html" title="Contains declarations for class Vpmg." alt="" coords="1802,232,1901,258">
<area shape="rect" href="$vpmgp_8h.html" title="Contains declarations for class Vpmgp." alt="" coords="2149,306,2256,333">
<area shape="rect" href="$vfetk_8h.html" title="Contains declarations for class Vfetk." alt="" coords="1424,232,1517,258">
<area shape="rect" href="$vpee_8h.html" title="Contains declarations for class Vpee." alt="" coords="413,456,506,482">
<area shape="rect" href="$apolparm_8h&#45;source.html" title="apbs/apolparm.h" alt="" coords="1744,530,1866,557">
<area shape="rect" href="$vclist_8h.html" title="Contains declarations for class Vclist." alt="" coords="834,456,930,482">
<area shape="rect" href="$vcsm_8h.html" title="Contains declarations for the Vcsm class." alt="" coords="1592,456,1688,482">
