<area shape="rect" href="$nosh_8h.html" title="Contains declarations for class NOsh." alt="" coords="476,82,572,109">
<area shape="rect" href="$mgparm_8h.html" title="Contains declarations for class MGparm." alt="" coords="968,232,1082,258">
<area shape="rect" href="$femparm_8h.html" title="Contains declarations for class APOLparm." alt="" coords="162,232,282,258">
<area shape="rect" href="$vstring_8h.html" title="Contains declarations for class Vstring." alt="" coords="162,306,269,333">
<area shape="rect" href="$vhal_8h.html" title="Contains generic macro definitions for APBS." alt="" coords="776,381,866,408">
<area shape="rect" href="$pbeparm_8h.html" title="Contains declarations for class PBEparm." alt="" coords="616,306,733,333">
<area shape="rect" href="$apolparm_8h&#45;source.html" title="apbs/apolparm.h" alt="" coords="396,157,518,184">
<area shape="rect" href="$valist_8h.html" title="Contains declarations for class Valist." alt="" coords="542,157,638,184">
<area shape="rect" href="$vparam_8h.html" title="Contains declarations for class Vparam." alt="" coords="424,232,533,258">
<area shape="rect" href="$vunit_8h.html" title="Contains a collection of useful constants and conversion factors." alt="" coords="445,306,541,333">
<area shape="rect" href="$vatom_8h.html" title="Contains declarations for class Vatom." alt="" coords="858,306,960,333">
