<area shape="rect" href="$vopot_8h.html" title="Potential oracle for Cartesian mesh data." alt="" coords="325,82,391,109">
<area shape="rect" href="$vopot_8c.html" title="Class Vopot methods." alt="" coords="254,157,321,183">
<area shape="rect" href="$apbs_8h.html" title="Top&#45;level header for APBS." alt="" coords="345,157,406,183">
<area shape="rect" href="$main_8c.html" title="APBS &quot;front end&quot; program using formatted input files." alt="" coords="391,306,453,333">
<area shape="rect" href="$routines_8h.html" title="Header file for front end auxiliary routines." alt="" coords="510,231,593,258">
<area shape="rect" href="$routines_8c.html" title="Supporting routines for APBS front end." alt="" coords="590,306,670,333">
<area shape="rect" href="$vpmg_8h.html" title="Contains declarations for class Vpmg." alt="" coords="113,82,179,109">
<area shape="rect" href="$nosh_8h.html" title="Contains declarations for class NOsh." alt="" coords="466,82,527,109">
<area shape="rect" href="$pbeparm_8c.html" title="Class PBEparm methods." alt="" coords="805,82,890,109">
<area shape="rect" href="$vfetk_8h.html" title="Contains declarations for class Vfetk." alt="" coords="717,82,781,109">
<area shape="rect" href="$mgparm_8c.html" title="Class MGparm methods." alt="" coords="254,231,334,258">
<area shape="rect" href="$vpmg&#45;private_8h.html" title="Class Vpmg private method declaration." alt="" coords="7,157,119,183">
<area shape="rect" href="$vpmg_8c.html" title="Class Vpmg methods." alt="" coords="66,231,133,258">
<area shape="rect" href="$nosh_8c.html" title="Class NOsh methods." alt="" coords="531,157,593,183">
<area shape="rect" href="$vfetk_8c.html" title="Class Vfetk methods." alt="" coords="718,157,779,183">
