<area shape="rect" href="$apbs_8h.html" title="Top&#45;level header for APBS." alt="" coords="1283,82,1377,109">
<area shape="rect" href="$femparm_8h.html" title="Contains declarations for class APOLparm." alt="" coords="263,232,383,258">
<area shape="rect" href="$mgparm_8h.html" title="Contains declarations for class MGparm." alt="" coords="610,306,725,333">
<area shape="rect" href="$nosh_8h.html" title="Contains declarations for class NOsh." alt="" coords="474,157,570,184">
<area shape="rect" href="$pbeparm_8h.html" title="Contains declarations for class PBEparm." alt="" coords="1247,232,1365,258">
<area shape="rect" href="$vparam_8h.html" title="Contains declarations for class Vparam." alt="" coords="762,530,871,557">
<area shape="rect" href="$vfetk_8h.html" title="Contains declarations for class Vfetk." alt="" coords="2555,157,2649,184">
<area shape="rect" href="$vhal_8h.html" title="Contains generic macro definitions for APBS." alt="" coords="962,680,1053,706">
<area shape="rect" href="$vstring_8h.html" title="Contains declarations for class Vstring." alt="" coords="813,605,919,632">
<area shape="rect" href="$vunit_8h.html" title="Contains a collection of useful constants and conversion factors." alt="" coords="1927,605,2023,632">
<area shape="rect" href="$valist_8h.html" title="Contains declarations for class Valist." alt="" coords="1674,456,1770,482">
<area shape="rect" href="$vatom_8h.html" title="Contains declarations for class Vatom." alt="" coords="2137,530,2238,557">
<area shape="rect" href="$vacc_8h.html" title="Contains declarations for class Vacc." alt="" coords="1897,306,1990,333">
<area shape="rect" href="$vcap_8h.html" title="Contains declarations for class Vcap." alt="" coords="2471,232,2565,258">
<area shape="rect" href="$vgreen_8h.html" title="Contains declarations for class Vgreen." alt="" coords="2449,381,2555,408">
<area shape="rect" href="$vpbe_8h.html" title="Contains declarations for class Vpbe." alt="" coords="1813,232,1906,258">
<area shape="rect" href="$vgrid_8h.html" title="Potential oracle for Cartesian mesh data." alt="" coords="895,530,991,557">
<area shape="rect" href="$vmgrid_8h.html" title="Multiresolution oracle for Cartesian mesh data." alt="" coords="991,456,1098,482">
<area shape="rect" href="$vopot_8h.html" title="Potential oracle for Cartesian mesh data." alt="" coords="1454,157,1553,184">
<area shape="rect" href="$vpmg_8h.html" title="Contains declarations for class Vpmg." alt="" coords="1110,157,1209,184">
<area shape="rect" href="$vpmgp_8h.html" title="Contains declarations for class Vpmgp." alt="" coords="863,232,970,258">
<area shape="rect" href="$vpee_8h.html" title="Contains declarations for class Vpee." alt="" coords="3054,381,3147,408">
<area shape="rect" href="$apolparm_8h&#45;source.html" title="apbs/apolparm.h" alt="" coords="1122,456,1245,482">
<area shape="rect" href="$vclist_8h.html" title="Contains declarations for class Vclist." alt="" coords="1895,381,1991,408">
<area shape="rect" href="$vcsm_8h.html" title="Contains declarations for the Vcsm class." alt="" coords="2883,381,2979,408">
