<area shape="rect" href="$vfetk_8h.html" title="Contains declarations for class Vfetk." alt="" coords="2564,231,2657,258">
<area shape="rect" href="$vhal_8h.html" title="Contains generic macro definitions for APBS." alt="" coords="1092,754,1182,781">
<area shape="rect" href="$pbeparm_8h.html" title="Contains declarations for class PBEparm." alt="" coords="1325,306,1442,333">
<area shape="rect" href="$femparm_8h.html" title="Contains declarations for class APOLparm." alt="" coords="261,306,381,333">
<area shape="rect" href="$apbs_8h.html" title="Top&#45;level header for APBS." alt="" coords="1382,157,1476,183">
<area shape="rect" href="$mgparm_8h.html" title="Contains declarations for class MGparm." alt="" coords="416,381,530,407">
<area shape="rect" href="$nosh_8h.html" title="Contains declarations for class NOsh." alt="" coords="466,231,562,258">
<area shape="rect" href="$vgrid_8h.html" title="Potential oracle for Cartesian mesh data." alt="" coords="914,381,1010,407">
<area shape="rect" href="$routines_8h.html" title="Header file for front end auxiliary routines." alt="" coords="489,82,572,109">
<area shape="rect" href="$vatom_8h.html" title="Contains declarations for class Vatom." alt="" coords="1926,605,2028,631">
<area shape="rect" href="$vcsm_8h.html" title="Contains declarations for the Vcsm class." alt="" coords="2757,306,2853,333">
<area shape="rect" href="$vunit_8h.html" title="Contains a collection of useful constants and conversion factors." alt="" coords="2413,679,2509,706">
<area shape="rect" href="$vpbe_8h.html" title="Contains declarations for class Vpbe." alt="" coords="2185,306,2278,333">
<area shape="rect" href="$vgreen_8h.html" title="Contains declarations for class Vgreen." alt="" coords="2453,455,2560,482">
<area shape="rect" href="$vcap_8h.html" title="Contains declarations for class Vcap." alt="" coords="2877,306,2970,333">
<area shape="rect" href="$valist_8h.html" title="Contains declarations for class Valist." alt="" coords="1720,530,1816,557">
<area shape="rect" href="$vparam_8h.html" title="Contains declarations for class Vparam." alt="" coords="1168,605,1277,631">
<area shape="rect" href="$vstring_8h.html" title="Contains declarations for class Vstring." alt="" coords="885,679,992,706">
<area shape="rect" href="$vacc_8h.html" title="Contains declarations for class Vacc." alt="" coords="1729,381,1822,407">
<area shape="rect" href="$vclist_8h.html" title="Contains declarations for class Vclist." alt="" coords="2074,455,2170,482">
<area shape="rect" href="$apolparm_8h&#45;source.html" title="apbs/apolparm.h" alt="" coords="965,530,1088,557">
<area shape="rect" href="$vmgrid_8h.html" title="Multiresolution oracle for Cartesian mesh data." alt="" coords="1093,306,1200,333">
<area shape="rect" href="$vopot_8h.html" title="Potential oracle for Cartesian mesh data." alt="" coords="1886,231,1985,258">
<area shape="rect" href="$vpmg_8h.html" title="Contains declarations for class Vpmg." alt="" coords="1428,231,1526,258">
<area shape="rect" href="$vpmgp_8h.html" title="Contains declarations for class Vpmgp." alt="" coords="709,306,816,333">
<area shape="rect" href="$vpee_8h.html" title="Contains declarations for class Vpee." alt="" coords="3197,306,3290,333">
