<area shape="rect" href="$structsVpbe.html" title="Contains public data members for Vpbe class/module." alt="" coords="130,1280,269,1792">
<area shape="rect" href="$structsVacc.html" title="Oracle for solvent&#45; and ion&#45;accessibility around a biomolecule." alt="" coords="146,824,253,1016">
<area shape="rect" href="$structsValist.html" title="Container class for list of atom objects." alt="" coords="241,264,321,456">
<area shape="rect" href="$structsVclist.html" title="Atom cell list." alt="" coords="8,520,120,744">
<area shape="rect" href="$structsVatom.html" title="Contains public data members for Vatom class/module." alt="" coords="172,8,270,200">
<area shape="rect" href="$structsVclistCell.html" title="Atom cell list cell." alt="" coords="109,312,194,408">
<area shape="rect" href="$structsVaccSurf.html" title="Surface object list of per&#45;atom surface points." alt="" coords="144,536,256,728">
<area shape="rect" href="$structsVgrid.html" title="Electrostatic potential oracle for Cartesian mesh data." alt="" coords="293,1376,378,1696">
<area shape="rect" href="$structsVpmgp.html" title="Contains public data members for Vpmgp class/module." alt="" coords="409,1080,494,1992">
