<area shape="rect" href="$vmgrid_8h.html" title="Multiresolution oracle for Cartesian mesh data." alt="" coords="148,82,222,109">
<area shape="rect" href="$apbs_8h.html" title="Top&#45;level header for APBS." alt="" coords="201,232,262,258">
<area shape="rect" href="$routines_8c.html" title="Supporting routines for APBS front end." alt="" coords="242,381,322,408">
<area shape="rect" href="$vpmg_8h.html" title="Contains declarations for class Vpmg." alt="" coords="370,82,437,109">
<area shape="rect" href="$vgrid_8c.html" title="Class Vgrid methods." alt="" coords="461,82,522,109">
<area shape="rect" href="$vopot_8h.html" title="Potential oracle for Cartesian mesh data." alt="" coords="128,157,194,184">
<area shape="rect" href="$vmgrid_8c.html" title="Class Vmgrid methods." alt="" coords="29,157,104,184">
<area shape="rect" href="$vopot_8c.html" title="Class Vopot methods." alt="" coords="110,232,177,258">
<area shape="rect" href="$mgparm_8c.html" title="Class MGparm methods." alt="" coords="8,306,88,333">
<area shape="rect" href="$main_8c.html" title="APBS &quot;front end&quot; program using formatted input files." alt="" coords="125,381,186,408">
<area shape="rect" href="$routines_8h.html" title="Header file for front end auxiliary routines." alt="" coords="162,306,245,333">
<area shape="rect" href="$vpmg&#45;private_8h.html" title="Class Vpmg private method declaration." alt="" coords="421,157,533,184">
<area shape="rect" href="$vpmg_8c.html" title="Class Vpmg methods." alt="" coords="490,232,557,258">
