<area shape="rect" href="$vopot_8h.html" title="Potential oracle for Cartesian mesh data." alt="" coords="709,82,807,109">
<area shape="rect" href="$pbeparm_8h.html" title="Contains declarations for class PBEparm." alt="" coords="499,232,617,258">
<area shape="rect" href="$vhal_8h.html" title="Contains generic macro definitions for APBS." alt="" coords="254,605,345,632">
<area shape="rect" href="$vatom_8h.html" title="Contains declarations for class Vatom." alt="" coords="939,456,1041,482">
<area shape="rect" href="$valist_8h.html" title="Contains declarations for class Valist." alt="" coords="790,381,886,408">
<area shape="rect" href="$vunit_8h.html" title="Contains a collection of useful constants and conversion factors." alt="" coords="1131,530,1227,557">
<area shape="rect" href="$vmgrid_8h.html" title="Multiresolution oracle for Cartesian mesh data." alt="" coords="442,381,549,408">
<area shape="rect" href="$vpbe_8h.html" title="Contains declarations for class Vpbe." alt="" coords="949,157,1042,184">
<area shape="rect" href="$vparam_8h.html" title="Contains declarations for class Vparam." alt="" coords="705,456,814,482">
<area shape="rect" href="$vstring_8h.html" title="Contains declarations for class Vstring." alt="" coords="514,530,621,557">
<area shape="rect" href="$vgrid_8h.html" title="Potential oracle for Cartesian mesh data." alt="" coords="430,456,526,482">
<area shape="rect" href="$vacc_8h.html" title="Contains declarations for class Vacc." alt="" coords="865,232,958,258">
<area shape="rect" href="$vclist_8h.html" title="Contains declarations for class Vclist." alt="" coords="947,306,1043,333">
<area shape="rect" href="$apolparm_8h&#45;source.html" title="apbs/apolparm.h" alt="" coords="643,381,766,408">
