<area shape="rect" href="$apolparm_8h&#45;source.html" title="apolparm.h" alt="" coords="109,157,197,183">
<area shape="rect" href="$apbs_8h.html" title="Top&#45;level header for APBS." alt="" coords="453,455,514,482">
<area shape="rect" href="$routines_8h.html" title="Header file for front end auxiliary routines." alt="" coords="206,530,289,557">
<area shape="rect" href="$valist_8h.html" title="Contains declarations for class Valist." alt="" coords="388,82,454,109">
<area shape="rect" href="$vparam_8c.html" title="Class Vparam methods." alt="" coords="478,82,556,109">
<area shape="rect" href="$nosh_8h.html" title="Contains declarations for class NOsh." alt="" coords="153,381,214,407">
<area shape="rect" href="$vacc_8h.html" title="Contains declarations for class Vacc." alt="" coords="424,231,485,258">
<area shape="rect" href="$vacc_8c.html" title="Class Vacc methods." alt="" coords="373,306,434,333">
<area shape="rect" href="$apolparm_8c.html" title="Class APOLparm methods." alt="" coords="58,231,146,258">
<area shape="rect" href="$nosh_8c.html" title="Class NOsh methods." alt="" coords="153,455,214,482">
<area shape="rect" href="$main_8c.html" title="APBS &quot;front end&quot; program using formatted input files." alt="" coords="138,605,200,631">
<area shape="rect" href="$routines_8c.html" title="Supporting routines for APBS front end." alt="" coords="365,605,445,631">
<area shape="rect" href="$mgparm_8c.html" title="Class MGparm methods." alt="" coords="366,530,446,557">
<area shape="rect" href="$vpmg_8h.html" title="Contains declarations for class Vpmg." alt="" coords="737,381,804,407">
<area shape="rect" href="$vpbe_8h.html" title="Contains declarations for class Vpbe." alt="" coords="549,306,613,333">
<area shape="rect" href="$vpmg&#45;private_8h.html" title="Class Vpmg private method declaration." alt="" coords="621,455,733,482">
<area shape="rect" href="$vpmg_8c.html" title="Class Vpmg methods." alt="" coords="680,530,746,557">
<area shape="rect" href="$vopot_8h.html" title="Potential oracle for Cartesian mesh data." alt="" coords="358,381,425,407">
<area shape="rect" href="$vpbe_8c.html" title="Class Vpbe methods." alt="" coords="550,381,612,407">
<area shape="rect" href="$vfetk_8h.html" title="Contains declarations for class Vfetk." alt="" coords="828,381,892,407">
<area shape="rect" href="$vopot_8c.html" title="Class Vopot methods." alt="" coords="362,455,429,482">
<area shape="rect" href="$vfetk_8c.html" title="Class Vfetk methods." alt="" coords="858,455,920,482">
<area shape="rect" href="$vclist_8h.html" title="Contains declarations for class Vclist." alt="" coords="512,157,576,183">
<area shape="rect" href="$vgreen_8h.html" title="Contains declarations for class Vgreen." alt="" coords="746,306,821,333">
<area shape="rect" href="$valist_8c.html" title="Class Valist methods." alt="" coords="424,157,488,183">
<area shape="rect" href="$vcsm_8h.html" title="Contains declarations for the Vcsm class." alt="" coords="756,157,822,183">
<area shape="rect" href="$vclist_8c.html" title="Class Vclist methods." alt="" coords="509,231,573,258">
<area shape="rect" href="$vgreen_8c.html" title="Class Vgreen methods." alt="" coords="916,381,990,407">
<area shape="rect" href="$vcsm_8c.html" title="Class Vcsm methods." alt="" coords="757,231,821,258">
