<area shape="rect" href="$vpmg&#45;private_8h.html#c953c7091df8e4a1df53463baf8fe7ee" title="Evaluate a 5th Order B&#45;Spline (4th order polynomial)." alt="" coords="274,8,346,34">
<area shape="rect" href="$vpmg&#45;private_8h.html#fa58365e9d16b810f6fe926558650108" title="Evaluate the 2nd derivative of a 5th Order B&#45;Spline." alt="" coords="268,58,353,85">
<area shape="rect" href="$vpmg&#45;private_8h.html#91d1557ecff0ea7809aface06c0c179e" title="Evaluate a 5th Order B&#45;Spline derivative (4th order polynomial)." alt="" coords="270,109,350,136">
<area shape="rect" href="$group__Valist.html#g6e228909b1e2c178ee292ae97c5bce62" title="Get pointer to particular atom in list." alt="" coords="254,160,366,186">
<area shape="rect" href="$group__Valist.html#g2aea567c031963b275f4e6e31f9c3e74" title="Get number of atoms in the list." alt="" coords="226,210,394,237">
<area shape="rect" href="$group__Vatom.html#g6123ac049c637301d5aa730c18c94756" title="Get atomic charge." alt="" coords="245,261,376,288">
<area shape="rect" href="$group__Vatom.html#gbe19ed4ab35365a2e8f7505bcbb6bca2" title="Get atomic position." alt="" coords="242,312,378,338">
<area shape="rect" href="$vpmg&#45;private_8h.html#fcf864c3b65f0d536a2985d931dc4692" title="Return 2.5 plus difference of i &#45; f." alt="" coords="276,362,345,389">
<area shape="rect" href="$group__Vpbe.html#geb447cb04d310e06a5edd1b96bbc52bb" title="Get charge scaling factor." alt="" coords="249,413,372,440">
