<area shape="rect" href="$vpmg&#45;private_8h.html#2fe0074cd016170f829d76a856409185" title="Fill source term charge array from a pre&#45;calculated map." alt="" coords="174,109,294,135">
<area shape="rect" href="$vpmg&#45;private_8h.html#7e7a2991c9f8b5e9a4a06843aecd38ae" title="Fill source term charge array from linear interpolation." alt="" coords="165,210,304,237">
<area shape="rect" href="$vpmg&#45;private_8h.html#6074122271a6957f5d463aa95c90f61c" title="Fill source term charge array from cubic spline interpolation." alt="" coords="165,159,304,186">
<area shape="rect" href="$vpmg&#45;private_8h.html#e84de46101d6abe2046ae860b55832a0" title="Fill source term charge array for use of induced dipoles." alt="" coords="166,311,302,338">
<area shape="rect" href="$vpmg&#45;private_8h.html#6139befcbac10d86518d7b4cd397204a" title="Fill source term charge array for non&#45;local induced dipoles." alt="" coords="158,362,310,389">
<area shape="rect" href="$vpmg&#45;private_8h.html#a349fa04ad1c57df769345d4bcad28ce" title="Fill source term charge array for the use of permanent multipoles." alt="" coords="149,261,320,287">
<area shape="rect" href="$group__Vgrid.html#g082b052479c1629216b691e788e91aac" title="Get potential value (from mesh or approximation) at a point." alt="" coords="405,7,498,34">
<area shape="rect" href="$group__Vpbe.html#geb447cb04d310e06a5edd1b96bbc52bb" title="Get charge scaling factor." alt="" coords="390,109,513,135">
<area shape="rect" href="$group__Valist.html#g6e228909b1e2c178ee292ae97c5bce62" title="Get pointer to particular atom in list." alt="" coords="396,159,508,186">
<area shape="rect" href="$group__Valist.html#g2aea567c031963b275f4e6e31f9c3e74" title="Get number of atoms in the list." alt="" coords="368,210,536,237">
<area shape="rect" href="$group__Vatom.html#g6123ac049c637301d5aa730c18c94756" title="Get atomic charge." alt="" coords="386,261,517,287">
<area shape="rect" href="$group__Vatom.html#gbe19ed4ab35365a2e8f7505bcbb6bca2" title="Get atomic position." alt="" coords="384,311,520,338">
<area shape="rect" href="$vpmg&#45;private_8h.html#50d8ef438d4a7a76d869fb256b24d372" title="Evaluate a cubic B&#45;spline." alt="" coords="416,58,488,85">
<area shape="rect" href="$vpmg&#45;private_8h.html#c953c7091df8e4a1df53463baf8fe7ee" title="Evaluate a 5th Order B&#45;Spline (4th order polynomial)." alt="" coords="416,413,488,439">
<area shape="rect" href="$vpmg&#45;private_8h.html#fa58365e9d16b810f6fe926558650108" title="Evaluate the 2nd derivative of a 5th Order B&#45;Spline." alt="" coords="409,463,494,490">
<area shape="rect" href="$vpmg&#45;private_8h.html#91d1557ecff0ea7809aface06c0c179e" title="Evaluate a 5th Order B&#45;Spline derivative (4th order polynomial)." alt="" coords="412,514,492,541">
<area shape="rect" href="$vpmg&#45;private_8h.html#fcf864c3b65f0d536a2985d931dc4692" title="Return 2.5 plus difference of i &#45; f." alt="" coords="417,362,486,389">
