<area shape="rect" href="$vpmg&#45;private_8h.html#ac867a97b6a1b573c285c846237837a5" title="Mark the grid points inside a sphere with a particular value. This marks by resetting..." alt="" coords="222,8,316,34">
<area shape="rect" href="$group__Valist.html#g6e228909b1e2c178ee292ae97c5bce62" title="Get pointer to particular atom in list." alt="" coords="213,58,325,85">
<area shape="rect" href="$group__Valist.html#g2aea567c031963b275f4e6e31f9c3e74" title="Get number of atoms in the list." alt="" coords="185,109,353,136">
<area shape="rect" href="$group__Vatom.html#gbe19ed4ab35365a2e8f7505bcbb6bca2" title="Get atomic position." alt="" coords="201,160,337,186">
<area shape="rect" href="$group__Vatom.html#gd3538039818c4279eb8a6b0e806dea7b" title="Get atomic position." alt="" coords="205,210,333,237">
<area shape="rect" href="$group__Vpbe.html#g49a4178cddec98a0388a0b0a42b402ad" title="Get bulk ionic strength." alt="" coords="177,261,361,288">
<area shape="rect" href="$group__Vpbe.html#g97920614b496aee5cde2dd284f1ee8e7" title="Get maximum radius of ion species." alt="" coords="186,312,352,338">
