<area shape="rect" href="$vpmg&#45;private_8h.html#df9fff114eed3d5d94f3adbbf9527483" title="Fill differential operator coefficient arrays from a molecular surface calculation..." alt="" coords="178,362,365,389">
<area shape="rect" href="$vpmg&#45;private_8h.html#afab27ad33274047911bd2ec092eb265" title="Fill differential operator coefficient arrays from a molecular surface calculation..." alt="" coords="188,514,356,541">
<area shape="rect" href="$vpmg&#45;private_8h.html#ac867a97b6a1b573c285c846237837a5" title="Mark the grid points inside a sphere with a particular value. This marks by resetting..." alt="" coords="450,109,544,135">
<area shape="rect" href="$group__Vacc.html#gea1fe0e1ddebb4f1ae9dac8a78902220" title="Return the atomic solvent accessible surface area (SASA)." alt="" coords="434,362,560,389">
<area shape="rect" href="$group__Vatom.html#gbe19ed4ab35365a2e8f7505bcbb6bca2" title="Get atomic position." alt="" coords="989,337,1125,363">
<area shape="rect" href="$group__Vatom.html#gd3538039818c4279eb8a6b0e806dea7b" title="Get atomic position." alt="" coords="993,109,1121,135">
<area shape="rect" href="$group__Valist.html#g6e228909b1e2c178ee292ae97c5bce62" title="Get pointer to particular atom in list." alt="" coords="801,387,913,414">
<area shape="rect" href="$group__Valist.html#g2aea567c031963b275f4e6e31f9c3e74" title="Get number of atoms in the list." alt="" coords="773,514,941,541">
<area shape="rect" href="$group__Vacc.html#g031408ad5ca9a5bdb7fd9ae1b6e08150" title="Get the set of points for this atom&#39;s solvent&#45;accessible surface." alt="" coords="420,286,574,313">
<area shape="rect" href="$group__Vpbe.html#g0aac5d03d89f4a9c5b5a93e853325e0d" title="Get solute dielectric constant." alt="" coords="426,7,568,34">
<area shape="rect" href="$group__Vpbe.html#g71c1fc1e8901630a97cf0f2bf0fcb18f" title="Get solvent dielectric constant." alt="" coords="424,641,570,667">
<area shape="rect" href="$group__Vpbe.html#ga843cef9ae694579b2e2ea9d87f80408" title="Get solvent molecule radius." alt="" coords="414,58,580,85">
<area shape="rect" href="$group__Vacc.html#g6e118e97d0ef09899dd376b6eda231a7" title="Set up an array of points corresponding to the SAS due to a particular atom." alt="" coords="800,235,914,262">
<area shape="rect" href="$group__Vatom.html#g37404117f53ad617e4371df8a7c849bb" title="Get atom ID." alt="" coords="992,185,1122,211">
<area shape="rect" href="$group__Vacc.html#g7a741d87762baf5906802b6b9a670080" title="Build the solvent accessible surface (SAS) and calculate the solvent accessible surface..." alt="" coords="630,387,724,414">
<area shape="rect" href="$group__Vacc.html#g90b879964a5faa185a82dc2f7c736a15" title="Destroy the surface object." alt="" coords="800,286,914,313">
<area shape="rect" href="$vacc_8c.html#5c6356f19e11daf8d0dea84bd92cc226" title="Determines if a point is within the union of the spheres centered at the atomic centers..." alt="" coords="1001,235,1113,262">
<area shape="rect" href="$group__Vacc.html#gf645f700c467833a3611fadb606d16e5" title="Allocate and construct the surface object; do not assign surface points to positions..." alt="" coords="1004,286,1110,313">
<area shape="rect" href="$group__Vclist.html#g13dc2b36b0eb96f433ee79566bdd45e4" title="Return cell corresponding to specified position or return VNULL." alt="" coords="1186,185,1290,211">
<area shape="rect" href="$group__Vclist.html#ga67500e4f221d3f965c2ff48dee31593" title="Get the max probe radius value (in A) the cell list was constructed with." alt="" coords="1174,235,1302,262">
<area shape="rect" href="$group__Vacc.html#g7b5d73ff3b8ae17c8efad24ce683de78" title="Construct the surface object using previously allocated memory; do not assign surface..." alt="" coords="1181,286,1296,313">
