<area shape="rect" href="$vhal_8h.html" title="Contains generic macro definitions for APBS." alt="" coords="1162,566,1253,593">
<area shape="rect" href="$vpmgp_8h.html" title="Contains declarations for class Vpmgp." alt="" coords="327,417,434,443">
<area shape="rect" href="$mgparm_8h.html" title="Contains declarations for class MGparm." alt="" coords="429,491,543,518">
<area shape="rect" href="$vacc_8h.html" title="Contains declarations for class Vacc." alt="" coords="814,193,907,219">
<area shape="rect" href="$vcap_8h.html" title="Contains declarations for class Vcap." alt="" coords="7,193,101,219">
<area shape="rect" href="$vpbe_8h.html" title="Contains declarations for class Vpbe." alt="" coords="730,118,823,145">
<area shape="rect" href="$vgrid_8h.html" title="Potential oracle for Cartesian mesh data." alt="" coords="922,417,1018,443">
<area shape="rect" href="$pbeparm_8h.html" title="Contains declarations for class PBEparm." alt="" coords="669,491,786,518">
<area shape="rect" href="$valist_8h.html" title="Contains declarations for class Valist." alt="" coords="830,342,926,369">
<area shape="rect" href="$vatom_8h.html" title="Contains declarations for class Vatom." alt="" coords="559,417,661,443">
<area shape="rect" href="$vunit_8h.html" title="Contains a collection of useful constants and conversion factors." alt="" coords="1398,491,1494,518">
<area shape="rect" href="$vclist_8h.html" title="Contains declarations for class Vclist." alt="" coords="762,267,858,294">
<area shape="rect" href="$apolparm_8h&#45;source.html" title="apbs/apolparm.h" alt="" coords="1001,342,1123,369">
<area shape="rect" href="$vparam_8h.html" title="Contains declarations for class Vparam." alt="" coords="1099,417,1209,443">
<area shape="rect" href="$vstring_8h.html" title="Contains declarations for class Vstring." alt="" coords="1013,491,1119,518">
