<area shape="rect" href="$vpmg&#45;private_8h.html#35949511a7f2779c8ac7e7c88bdca001" title="Fill operator coefficient arrays from pre&#45;calculated maps." alt="" coords="292,1034,396,1061">
<area shape="rect" href="$vpmg&#45;private_8h.html#62617829770eaed11c159947453e457c" title="Fill operator coefficient arrays from a molecular surface calculation." alt="" coords="134,965,233,991">
<area shape="rect" href="$vpmg&#45;private_8h.html#61365ff4cedaf084ea6d960d432a3d03" title="Fill operator coefficient arrays from a spline&#45;based surface calculation." alt="" coords="908,869,1022,895">
<area shape="rect" href="$vpmg&#45;private_8h.html#b7b5543b591c9433e7190a2fe45b4ca2" title="Fill operator coefficient arrays from a 5th order polynomial based surface calculation..." alt="" coords="904,919,1026,946">
<area shape="rect" href="$vpmg&#45;private_8h.html#be8b2056b56093552215f2e97c8f5c1b" title="Fill operator coefficient arrays from a 7th order polynomial based surface calculation..." alt="" coords="904,818,1026,845">
<area shape="rect" href="$group__Vgrid.html#g082b052479c1629216b691e788e91aac" title="Get potential value (from mesh or approximation) at a point." alt="" coords="500,1021,593,1047">
<area shape="rect" href="$group__Vpbe.html#g49a4178cddec98a0388a0b0a42b402ad" title="Get bulk ionic strength." alt="" coords="1076,919,1260,946">
<area shape="rect" href="$vpmg&#45;private_8h.html#34484f0f2f254b954abf20c5a98ab9d4" title="Fill differential operator coefficient arrays from a molecular surface calculation..." alt="" coords="282,869,405,895">
<area shape="rect" href="$vpmg&#45;private_8h.html#9217fdfc8737424d5e5ccc1193f9c3b0" title="Fill ion (nonlinear) operator coefficient array from a molecular surface calculation..." alt="" coords="906,615,1024,642">
<area shape="rect" href="$vpmg&#45;private_8h.html#df9fff114eed3d5d94f3adbbf9527483" title="Fill differential operator coefficient arrays from a molecular surface calculation..." alt="" coords="453,514,640,541">
<area shape="rect" href="$vpmg&#45;private_8h.html#afab27ad33274047911bd2ec092eb265" title="Fill differential operator coefficient arrays from a molecular surface calculation..." alt="" coords="462,970,630,997">
<area shape="rect" href="$vpmg&#45;private_8h.html#ac867a97b6a1b573c285c846237837a5" title="Mark the grid points inside a sphere with a particular value. This marks by resetting..." alt="" coords="1121,463,1214,490">
<area shape="rect" href="$group__Vacc.html#gea1fe0e1ddebb4f1ae9dac8a78902220" title="Return the atomic solvent accessible surface area (SASA)." alt="" coords="709,210,834,237">
<area shape="rect" href="$group__Vatom.html#gbe19ed4ab35365a2e8f7505bcbb6bca2" title="Get atomic position." alt="" coords="1309,514,1445,541">
<area shape="rect" href="$group__Vatom.html#gd3538039818c4279eb8a6b0e806dea7b" title="Get atomic position." alt="" coords="1313,666,1441,693">
<area shape="rect" href="$group__Valist.html#g6e228909b1e2c178ee292ae97c5bce62" title="Get pointer to particular atom in list." alt="" coords="1112,615,1224,642">
<area shape="rect" href="$group__Valist.html#g2aea567c031963b275f4e6e31f9c3e74" title="Get number of atoms in the list." alt="" coords="1084,666,1252,693">
<area shape="rect" href="$group__Vacc.html#g031408ad5ca9a5bdb7fd9ae1b6e08150" title="Get the set of points for this atom&#39;s solvent&#45;accessible surface." alt="" coords="694,261,849,287">
<area shape="rect" href="$group__Vpbe.html#g0aac5d03d89f4a9c5b5a93e853325e0d" title="Get solute dielectric constant." alt="" coords="1097,1021,1238,1047">
<area shape="rect" href="$group__Vpbe.html#g71c1fc1e8901630a97cf0f2bf0fcb18f" title="Get solvent dielectric constant." alt="" coords="1094,1122,1241,1149">
<area shape="rect" href="$group__Vpbe.html#ga843cef9ae694579b2e2ea9d87f80408" title="Get solvent molecule radius." alt="" coords="689,413,854,439">
<area shape="rect" href="$group__Vacc.html#g6e118e97d0ef09899dd376b6eda231a7" title="Set up an array of points corresponding to the SAS due to a particular atom." alt="" coords="1110,261,1225,287">
<area shape="rect" href="$group__Vatom.html#g37404117f53ad617e4371df8a7c849bb" title="Get atom ID." alt="" coords="1312,159,1442,186">
<area shape="rect" href="$group__Vacc.html#g7a741d87762baf5906802b6b9a670080" title="Build the solvent accessible surface (SAS) and calculate the solvent accessible surface..." alt="" coords="918,311,1012,338">
<area shape="rect" href="$group__Vacc.html#g90b879964a5faa185a82dc2f7c736a15" title="Destroy the surface object." alt="" coords="1110,109,1225,135">
<area shape="rect" href="$vacc_8c.html#5c6356f19e11daf8d0dea84bd92cc226" title="Determines if a point is within the union of the spheres centered at the atomic centers..." alt="" coords="1321,286,1433,313">
<area shape="rect" href="$group__Vacc.html#gf645f700c467833a3611fadb606d16e5" title="Allocate and construct the surface object; do not assign surface points to positions..." alt="" coords="1324,235,1430,262">
<area shape="rect" href="$group__Vclist.html#g13dc2b36b0eb96f433ee79566bdd45e4" title="Return cell corresponding to specified position or return VNULL." alt="" coords="1506,337,1610,363">
<area shape="rect" href="$group__Vclist.html#ga67500e4f221d3f965c2ff48dee31593" title="Get the max probe radius value (in A) the cell list was constructed with." alt="" coords="1494,286,1622,313">
<area shape="rect" href="$group__Vacc.html#g7b5d73ff3b8ae17c8efad24ce683de78" title="Construct the surface object using previously allocated memory; do not assign surface..." alt="" coords="1501,235,1616,262">
<area shape="rect" href="$group__Vpbe.html#g97920614b496aee5cde2dd284f1ee8e7" title="Get maximum radius of ion species." alt="" coords="1085,818,1250,845">
