<area shape="rect" href="$vgrid_8h.html" title="Potential oracle for Cartesian mesh data." alt="" coords="237,358,301,385">
<area shape="rect" href="$apbs_8h.html" title="Top&#45;level header for APBS." alt="" coords="720,582,781,609">
<area shape="rect" href="$mgparm_8c.html" title="Class MGparm methods." alt="" coords="652,657,732,683">
<area shape="rect" href="$apolparm_8h&#45;source.html" title="apolparm.h" alt="" coords="1177,283,1265,310">
<area shape="rect" href="$nosh_8c.html" title="Class NOsh methods." alt="" coords="1524,582,1585,609">
<area shape="rect" href="$femparm_8h.html" title="Contains declarations for class APOLparm." alt="" coords="1373,433,1458,459">
<area shape="rect" href="$vparam_8h.html" title="Contains declarations for class Vparam." alt="" coords="910,134,990,161">
<area shape="rect" href="$pbeparm_8c.html" title="Class PBEparm methods." alt="" coords="1625,134,1710,161">
<area shape="rect" href="$vmgrid_8h.html" title="Multiresolution oracle for Cartesian mesh data." alt="" coords="194,433,269,459">
<area shape="rect" href="$routines_8c.html" title="Supporting routines for APBS front end." alt="" coords="962,731,1042,758">
<area shape="rect" href="$vpmg_8h.html" title="Contains declarations for class Vpmg." alt="" coords="409,507,476,534">
<area shape="rect" href="$vgrid_8c.html" title="Class Vgrid methods." alt="" coords="109,433,170,459">
<area shape="rect" href="$vopot_8h.html" title="Potential oracle for Cartesian mesh data." alt="" coords="318,507,385,534">
<area shape="rect" href="$vmgrid_8c.html" title="Class Vmgrid methods." alt="" coords="118,507,193,534">
<area shape="rect" href="$vopot_8c.html" title="Class Vopot methods." alt="" coords="296,582,362,609">
<area shape="rect" href="$main_8c.html" title="APBS &quot;front end&quot; program using formatted input files." alt="" coords="1182,731,1244,758">
<area shape="rect" href="$routines_8h.html" title="Header file for front end auxiliary routines." alt="" coords="1108,657,1190,683">
<area shape="rect" href="$vpmg&#45;private_8h.html" title="Class Vpmg private method declaration." alt="" coords="386,582,498,609">
<area shape="rect" href="$vpmg_8c.html" title="Class Vpmg methods." alt="" coords="456,657,522,683">
<area shape="rect" href="$nosh_8h.html" title="Contains declarations for class NOsh." alt="" coords="1126,507,1188,534">
<area shape="rect" href="$vacc_8h.html" title="Contains declarations for class Vacc." alt="" coords="790,358,852,385">
<area shape="rect" href="$vacc_8c.html" title="Class Vacc methods." alt="" coords="830,433,892,459">
<area shape="rect" href="$apolparm_8c.html" title="Class APOLparm methods." alt="" coords="1116,358,1204,385">
<area shape="rect" href="$vpbe_8h.html" title="Contains declarations for class Vpbe." alt="" coords="652,433,716,459">
<area shape="rect" href="$vpbe_8c.html" title="Class Vpbe methods." alt="" coords="652,507,713,534">
<area shape="rect" href="$vfetk_8h.html" title="Contains declarations for class Vfetk." alt="" coords="988,507,1052,534">
<area shape="rect" href="$vfetk_8c.html" title="Class Vfetk methods." alt="" coords="972,582,1033,609">
<area shape="rect" href="$femparm_8c.html" title="Class FEMparm methods." alt="" coords="1313,507,1398,534">
<area shape="rect" href="$valist_8h.html" title="Contains declarations for class Valist." alt="" coords="856,209,922,235">
<area shape="rect" href="$vparam_8c.html" title="Class Vparam methods." alt="" coords="550,209,628,235">
<area shape="rect" href="$vclist_8h.html" title="Contains declarations for class Vclist." alt="" coords="716,283,780,310">
<area shape="rect" href="$vgreen_8h.html" title="Contains declarations for class Vgreen." alt="" coords="916,433,990,459">
<area shape="rect" href="$valist_8c.html" title="Class Valist methods." alt="" coords="1089,283,1153,310">
<area shape="rect" href="$vcsm_8h.html" title="Contains declarations for the Vcsm class." alt="" coords="926,283,993,310">
<area shape="rect" href="$vclist_8c.html" title="Class Vclist methods." alt="" coords="702,358,766,385">
<area shape="rect" href="$vgreen_8c.html" title="Class Vgreen methods." alt="" coords="889,507,964,534">
<area shape="rect" href="$vcsm_8c.html" title="Class Vcsm methods." alt="" coords="926,358,990,385">
